// Jest Snapshot v1, https://goo.gl/fbAQLP

exports[`layout | default should match snapshot 1`] = `
<div>
  <nuxt />
</div>
`;
