// Jest Snapshot v1, https://goo.gl/fbAQLP

exports[`layout | other should match snapshot 1`] = `
<div>
  <h1>
    Other Layout !
  </h1>
   
  <nuxt />
</div>
`;
